// Jest Snapshot v1, https://goo.gl/fbAQLP

exports[`Error - main - Component should match the snapshot 1`] = `
<section>
  <h1>
    Error
  </h1>
  <p>
    Luxui encountered an error.
  </p>
  <p>
    <strong>
      Error: Unforseen error.
    </strong>
  </p>
</section>
`;
